make -B ds4 ds4-server ds4-bench ds4-eval ds4-agent CUDA_ARCH=sm_121
make[1]: ingresso nella directory «/home/lvx/ds4»
cc -O3 -ffast-math -g -march=native -Wall -Wextra -std=c99 -D_GNU_SOURCE -fno-finite-math-only -c -o ds4_cli.o ds4_cli.c
cc -O3 -ffast-math -g -march=native -Wall -Wextra -std=c99 -D_GNU_SOURCE -fno-finite-math-only -c -o ds4_help.o ds4_help.c
cc -O3 -ffast-math -g -march=native -Wall -Wextra -std=c99 -D_GNU_SOURCE -fno-finite-math-only -c -o ds4_prompt_prefix.o ds4_prompt_prefix.c
cc -O3 -ffast-math -g -march=native -Wall -Wextra -std=c99 -D_GNU_SOURCE -fno-finite-math-only -c -o linenoise.o linenoise.c
cc -O3 -ffast-math -g -march=native -Wall -Wextra -std=c99 -D_GNU_SOURCE -fno-finite-math-only -c -o ds4_gpu_args.o ds4_gpu_args.c
cc -O3 -ffast-math -g -march=native -Wall -Wextra -std=c99 -D_GNU_SOURCE -fno-finite-math-only -c -o ds4.o ds4.c
cc -O3 -ffast-math -g -march=native -Wall -Wextra -std=c99 -D_GNU_SOURCE -fno-finite-math-only -c -o ds4_image.o ds4_image.c
cc -O3 -ffast-math -g -march=native -Wall -Wextra -std=c99 -D_GNU_SOURCE -fno-finite-math-only -c -o ds4_distributed.o ds4_distributed.c
cc -O3 -ffast-math -g -march=native -Wall -Wextra -std=c99 -D_GNU_SOURCE -fno-finite-math-only -c -o ds4_tp.o ds4_tp.c
cc -O3 -ffast-math -g -march=native -Wall -Wextra -std=c99 -D_GNU_SOURCE -fno-finite-math-only -c -o ds4_ssd.o ds4_ssd.c
/usr/local/cuda/bin/nvcc -O3 -g -lineinfo --use_fast_math -gencode arch=compute_121a,code=sm_121a -DDS4_CUDA_HAVE_MXF4=1 -Xcompiler -march=native -Xcompiler -pthread -c -o ds4_cuda.o ds4_cuda.cu
cc -O3 -ffast-math -g -march=native -Wall -Wextra -std=c99 -D_GNU_SOURCE -fno-finite-math-only   -c -o ds4_layer_pack.o ds4_layer_pack.c
/usr/local/cuda/bin/nvcc -O3 -g -lineinfo --use_fast_math -gencode arch=compute_121a,code=sm_121a -DDS4_CUDA_HAVE_MXF4=1 -Xcompiler -march=native -Xcompiler -pthread -std=c++17 -Icuda/mmq -c -o cuda/mmq/ds4_ggml_stubs.o cuda/mmq/ds4_ggml_stubs.cu
/usr/local/cuda/bin/nvcc -O3 -g -lineinfo --use_fast_math -gencode arch=compute_121a,code=sm_121a -DDS4_CUDA_HAVE_MXF4=1 -Xcompiler -march=native -Xcompiler -pthread -std=c++17 -Icuda/mmq -c -o cuda/mmq/ds4_mmq.o cuda/mmq/ds4_mmq.cu
/usr/local/cuda/bin/nvcc -O3 -g -lineinfo --use_fast_math -gencode arch=compute_121a,code=sm_121a -DDS4_CUDA_HAVE_MXF4=1 -Xcompiler -march=native -Xcompiler -pthread -std=c++17 -Icuda/mmq -c -o cuda/mmq/ds4_mmq_d2r.o cuda/mmq/ds4_mmq_d2r.cu
/usr/local/cuda/bin/nvcc -O3 -g -lineinfo --use_fast_math -gencode arch=compute_121a,code=sm_121a -DDS4_CUDA_HAVE_MXF4=1 -Xcompiler -march=native -Xcompiler -pthread -std=c++17 -Icuda/mmq -c -o cuda/mmq/quantize.o cuda/mmq/quantize.cu
/usr/local/cuda/bin/nvcc -O3 -g -lineinfo --use_fast_math -gencode arch=compute_121a,code=sm_121a -DDS4_CUDA_HAVE_MXF4=1 -Xcompiler -march=native -Xcompiler -pthread -std=c++17 -Icuda/mmq -c -o cuda/mmq/mmid.o cuda/mmq/mmid.cu
/usr/local/cuda/bin/nvcc -O3 -g -lineinfo --use_fast_math -gencode arch=compute_121a,code=sm_121a -DDS4_CUDA_HAVE_MXF4=1 -Xcompiler -march=native -Xcompiler -pthread -std=c++17 -Icuda/mmq -c -o cuda/mmq/mmvq.o cuda/mmq/mmvq.cu
/usr/local/cuda/bin/nvcc -O3 -g -lineinfo --use_fast_math -gencode arch=compute_121a,code=sm_121a -DDS4_CUDA_HAVE_MXF4=1 -Xcompiler -march=native -Xcompiler -pthread -std=c++17 -c -o cuda/mmq/ds4_repack.o cuda/mmq/ds4_repack.cu
cc -O3 -ffast-math -g -march=native -Wall -Wextra -std=c99 -D_GNU_SOURCE -fno-finite-math-only -c -o ds4_server.o ds4_server.c
cc -O3 -ffast-math -g -march=native -Wall -Wextra -std=c99 -D_GNU_SOURCE -fno-finite-math-only -c -o ds4_kvstore.o ds4_kvstore.c
cc -O3 -ffast-math -g -march=native -Wall -Wextra -std=c99 -D_GNU_SOURCE -fno-finite-math-only -c -o rax.o rax.c
cc -O3 -ffast-math -g -march=native -Wall -Wextra -std=c99 -D_GNU_SOURCE -fno-finite-math-only -c -o ds4_bench.o ds4_bench.c
cc -O3 -ffast-math -g -march=native -Wall -Wextra -std=c99 -D_GNU_SOURCE -fno-finite-math-only -c -o ds4_eval.o ds4_eval.c
cc -O3 -ffast-math -g -march=native -Wall -Wextra -std=c99 -D_GNU_SOURCE -fno-finite-math-only -c -o ds4_eval_cases.o ds4_eval_cases.c
cc -O3 -ffast-math -g -march=native -Wall -Wextra -std=c99 -D_GNU_SOURCE -fno-finite-math-only -c -o ds4_agent.o ds4_agent.c
cc -O3 -ffast-math -g -march=native -Wall -Wextra -std=c99 -D_GNU_SOURCE -fno-finite-math-only -c -o ds4_web.o ds4_web.c
ds4.c: In function ‘ds4_prompt_append_deepseek4_vision’:
ds4.c:66999:39: warning: operand of ‘?:’ changes signedness from ‘int’ to ‘uint32_t’ {aka ‘unsigned int’} due to unsignedness of other operand [-Wsign-compare]
66999 |         ds4_tokens_push(tokens, v41 ? e->vision_image_token : DS4_N_VOCAB + layout.types[i]);
      |                                       ^~~~~~~~~~~~~~~~~~~~~
/usr/local/cuda/bin/nvcc -O3 -g -lineinfo --use_fast_math -gencode arch=compute_121a,code=sm_121a -DDS4_CUDA_HAVE_MXF4=1 -Xcompiler -march=native -Xcompiler -pthread -o ds4 ds4_cli.o ds4_help.o ds4_prompt_prefix.o linenoise.o ds4_gpu_args.o ds4.o ds4_image.o ds4_distributed.o ds4_tp.o ds4_ssd.o ds4_cuda.o ds4_layer_pack.o cuda/mmq/ds4_ggml_stubs.o cuda/mmq/ds4_mmq.o cuda/mmq/ds4_mmq_d2r.o cuda/mmq/quantize.o cuda/mmq/mmid.o cuda/mmq/mmvq.o cuda/mmq/ds4_repack.o -lm -Xcompiler -pthread -L/usr/local/cuda/targets/sbsa-linux/lib -L/usr/local/cuda/lib64 -lcudart -lcublas
/usr/local/cuda/bin/nvcc -O3 -g -lineinfo --use_fast_math -gencode arch=compute_121a,code=sm_121a -DDS4_CUDA_HAVE_MXF4=1 -Xcompiler -march=native -Xcompiler -pthread -o ds4-server ds4_server.o ds4_help.o ds4_kvstore.o rax.o ds4_gpu_args.o ds4.o ds4_image.o ds4_distributed.o ds4_tp.o ds4_ssd.o ds4_cuda.o ds4_layer_pack.o cuda/mmq/ds4_ggml_stubs.o cuda/mmq/ds4_mmq.o cuda/mmq/ds4_mmq_d2r.o cuda/mmq/quantize.o cuda/mmq/mmid.o cuda/mmq/mmvq.o cuda/mmq/ds4_repack.o -lm -Xcompiler -pthread -L/usr/local/cuda/targets/sbsa-linux/lib -L/usr/local/cuda/lib64 -lcudart -lcublas
/usr/local/cuda/bin/nvcc -O3 -g -lineinfo --use_fast_math -gencode arch=compute_121a,code=sm_121a -DDS4_CUDA_HAVE_MXF4=1 -Xcompiler -march=native -Xcompiler -pthread -o ds4-bench ds4_bench.o ds4_help.o ds4_gpu_args.o ds4.o ds4_image.o ds4_distributed.o ds4_tp.o ds4_ssd.o ds4_cuda.o ds4_layer_pack.o cuda/mmq/ds4_ggml_stubs.o cuda/mmq/ds4_mmq.o cuda/mmq/ds4_mmq_d2r.o cuda/mmq/quantize.o cuda/mmq/mmid.o cuda/mmq/mmvq.o cuda/mmq/ds4_repack.o -lm -Xcompiler -pthread -L/usr/local/cuda/targets/sbsa-linux/lib -L/usr/local/cuda/lib64 -lcudart -lcublas
/usr/local/cuda/bin/nvcc -O3 -g -lineinfo --use_fast_math -gencode arch=compute_121a,code=sm_121a -DDS4_CUDA_HAVE_MXF4=1 -Xcompiler -march=native -Xcompiler -pthread -o ds4-eval ds4_eval.o ds4_eval_cases.o ds4_help.o ds4.o ds4_image.o ds4_distributed.o ds4_tp.o ds4_ssd.o ds4_cuda.o ds4_layer_pack.o cuda/mmq/ds4_ggml_stubs.o cuda/mmq/ds4_mmq.o cuda/mmq/ds4_mmq_d2r.o cuda/mmq/quantize.o cuda/mmq/mmid.o cuda/mmq/mmvq.o cuda/mmq/ds4_repack.o -lm -Xcompiler -pthread -L/usr/local/cuda/targets/sbsa-linux/lib -L/usr/local/cuda/lib64 -lcudart -lcublas
/usr/local/cuda/bin/nvcc -O3 -g -lineinfo --use_fast_math -gencode arch=compute_121a,code=sm_121a -DDS4_CUDA_HAVE_MXF4=1 -Xcompiler -march=native -Xcompiler -pthread -o ds4-agent ds4_agent.o ds4_help.o ds4_prompt_prefix.o ds4_web.o ds4_kvstore.o linenoise.o ds4_gpu_args.o ds4.o ds4_image.o ds4_distributed.o ds4_tp.o ds4_ssd.o ds4_cuda.o ds4_layer_pack.o cuda/mmq/ds4_ggml_stubs.o cuda/mmq/ds4_mmq.o cuda/mmq/ds4_mmq_d2r.o cuda/mmq/quantize.o cuda/mmq/mmid.o cuda/mmq/mmvq.o cuda/mmq/ds4_repack.o -lm -Xcompiler -pthread -L/usr/local/cuda/targets/sbsa-linux/lib -L/usr/local/cuda/lib64 -lcudart -lcublas
make[1]: uscita dalla directory «/home/lvx/ds4»
