/usr/local/cuda/bin/nvcc -O3 -g -lineinfo --use_fast_math -gencode arch=compute_121a,code=sm_121a -DDS4_CUDA_HAVE_MXF4=1 -Xcompiler -march=native -Xcompiler -pthread -std=c++17 -Icuda/mmq -c -o tests/test_cuda_q8_scratch.o tests/test_cuda_q8_scratch.cu
/usr/local/cuda/bin/nvcc -O3 -g -lineinfo --use_fast_math -gencode arch=compute_121a,code=sm_121a -DDS4_CUDA_HAVE_MXF4=1 -Xcompiler -march=native -Xcompiler -pthread -o tests/test_cuda_q8_scratch tests/test_cuda_q8_scratch.o ds4.o ds4_image.o ds4_distributed.o ds4_tp.o ds4_ssd.o ds4_cuda.o ds4_layer_pack.o cuda/mmq/ds4_ggml_stubs.o cuda/mmq/ds4_mmq.o cuda/mmq/ds4_mmq_d2r.o cuda/mmq/quantize.o cuda/mmq/mmid.o cuda/mmq/mmvq.o cuda/mmq/ds4_repack.o -lm -Xcompiler -pthread -L/usr/local/cuda/targets/sbsa-linux/lib -L/usr/local/cuda/lib64 -lcudart -lcublas
./tests/test_cuda_q8_scratch
PASS Q8 scratch rows=128 K=1024 tokens=1 pair=0
PASS Q8 scratch rows=128 K=1024 tokens=2 pair=0
PASS Q8 scratch rows=128 K=1024 tokens=3 pair=0
PASS Q8 scratch rows=128 K=1024 tokens=4 pair=0
PASS Q8 scratch rows=128 K=1024 tokens=5 pair=0
PASS Q8 scratch rows=128 K=1024 tokens=6 pair=0
PASS Q8 scratch rows=128 K=1024 tokens=7 pair=0
PASS Q8 scratch rows=128 K=1024 tokens=8 pair=0
PASS Q8 scratch rows=128 K=1024 tokens=1 pair=1
PASS Q8 scratch rows=128 K=4096 tokens=1 pair=0
PASS Q8 scratch rows=128 K=4096 tokens=2 pair=0
PASS Q8 scratch rows=128 K=4096 tokens=3 pair=0
PASS Q8 scratch rows=128 K=4096 tokens=4 pair=0
PASS Q8 scratch rows=128 K=4096 tokens=5 pair=0
PASS Q8 scratch rows=128 K=4096 tokens=6 pair=0
PASS Q8 scratch rows=128 K=4096 tokens=7 pair=0
PASS Q8 scratch rows=128 K=4096 tokens=8 pair=0
PASS Q8 scratch rows=128 K=4096 tokens=1 pair=1
PASS Q8 scratch rows=129 K=1024 tokens=1 pair=0
PASS Q8 scratch rows=129 K=1024 tokens=2 pair=0
PASS Q8 scratch rows=129 K=1024 tokens=3 pair=0
PASS Q8 scratch rows=129 K=1024 tokens=4 pair=0
PASS Q8 scratch rows=129 K=1024 tokens=5 pair=0
PASS Q8 scratch rows=129 K=1024 tokens=6 pair=0
PASS Q8 scratch rows=129 K=1024 tokens=7 pair=0
PASS Q8 scratch rows=129 K=1024 tokens=8 pair=0
PASS Q8 scratch rows=129 K=1024 tokens=1 pair=1
PASS Q8 scratch rows=129 K=4096 tokens=1 pair=0
PASS Q8 scratch rows=129 K=4096 tokens=2 pair=0
PASS Q8 scratch rows=129 K=4096 tokens=3 pair=0
PASS Q8 scratch rows=129 K=4096 tokens=4 pair=0
PASS Q8 scratch rows=129 K=4096 tokens=5 pair=0
PASS Q8 scratch rows=129 K=4096 tokens=6 pair=0
PASS Q8 scratch rows=129 K=4096 tokens=7 pair=0
PASS Q8 scratch rows=129 K=4096 tokens=8 pair=0
PASS Q8 scratch rows=129 K=4096 tokens=1 pair=1
PASS Q8 scratch rows=2048 K=1024 tokens=1 pair=0
PASS Q8 scratch rows=2048 K=1024 tokens=2 pair=0
PASS Q8 scratch rows=2048 K=1024 tokens=3 pair=0
PASS Q8 scratch rows=2048 K=1024 tokens=4 pair=0
PASS Q8 scratch rows=2048 K=1024 tokens=5 pair=0
PASS Q8 scratch rows=2048 K=1024 tokens=6 pair=0
PASS Q8 scratch rows=2048 K=1024 tokens=7 pair=0
PASS Q8 scratch rows=2048 K=1024 tokens=8 pair=0
PASS Q8 scratch rows=2048 K=1024 tokens=1 pair=1
PASS Q8 scratch rows=2048 K=4096 tokens=1 pair=0
PASS Q8 scratch rows=2048 K=4096 tokens=2 pair=0
PASS Q8 scratch rows=2048 K=4096 tokens=3 pair=0
PASS Q8 scratch rows=2048 K=4096 tokens=4 pair=0
PASS Q8 scratch rows=2048 K=4096 tokens=5 pair=0
PASS Q8 scratch rows=2048 K=4096 tokens=6 pair=0
PASS Q8 scratch rows=2048 K=4096 tokens=7 pair=0
PASS Q8 scratch rows=2048 K=4096 tokens=8 pair=0
PASS Q8 scratch rows=2048 K=4096 tokens=1 pair=1
CUDA Q8 scratch: PASS
